// Vitest Snapshot v1, https://vitest.dev/guide/snapshot.html

exports[`SongTitle Component > matches snapshot with song details 1`] = `
<DocumentFragment>
  <div
    class="text-center"
  >
    <h2
      class="text-xl font-bold text-slate-950 dark:text-slate-100"
    >
      Unknown Title
    </h2>
    <p
      class="text-sm text-slate-600 dark:text-slate-400"
    >
      Unknown Artist
    </p>
  </div>
</DocumentFragment>
`;
